// Jest Snapshot v1, https://goo.gl/fbAQLP

exports[`Pruebas en <AppRouter /> Debe de mostrar el login en caso de no estar autenticado  1`] = `
<div>
  <div
    class="container login-container"
  >
    <div
      class="row"
    >
      <div
        class="col-md-12 login-form-1"
      >
        <h3
          class="mt-4"
        >
          Ingreso
        </h3>
        <form>
          <div
            class="form-group mb-4"
          >
            <input
              class="form-control"
              name="loginEmail"
              placeholder="Correo"
              type="text"
              value=""
            />
          </div>
          <div
            class="form-group mb-4"
          >
            <input
              class="form-control"
              name="loginPassword"
              placeholder="ContraseÃ±a"
              type="password"
              value=""
            />
          </div>
          <div
            class="form-group mb-4"
            style="display: flex; justify-content: center;"
          >
            <input
              class="btnSubmit"
              type="submit"
              value="Login"
            />
          </div>
          <a
            component="[object Object]"
            href="/auth/register"
            style="display: flex; justify-content: right;"
          >
            Crear una cuenta
          </a>
        </form>
      </div>
    </div>
  </div>
</div>
`;
